// Jest Snapshot v1, https://goo.gl/fbAQLP

exports[`Button Button component renders correctly 1`] = `
<View
  accessible={true}
  focusable={true}
  onClick={[Function]}
  onResponderGrant={[Function]}
  onResponderMove={[Function]}
  onResponderRelease={[Function]}
  onResponderTerminate={[Function]}
  onResponderTerminationRequest={[Function]}
  onStartShouldSetResponder={[Function]}
  style={
    Object {
      "alignItems": "center",
      "backgroundColor": "#192a56",
      "borderRadius": 3.5,
      "borderWidth": 1,
      "height": 59.5,
      "justifyContent": "center",
      "opacity": 1,
      "paddingHorizontal": 18,
      "width": 217.5,
    }
  }
>
  <Text
    style={
      Object {
        "color": "#fff",
        "fontFamily": "YanoneKaffeesatz-Regular",
        "fontSize": 37,
        "fontWeight": "bold",
        "lineHeight": 59.5,
        "textTransform": "uppercase",
      }
    }
  >
    Login
  </Text>
</View>
`;
